<html>
<body>
<pre>
<h1>礦ision Build Log</h1>
<h2>Tool Versions:</h2>
IDE-Version: μVision V5.28.0.0
Copyright (C) 2019 ARM Ltd and ARM Germany GmbH. All rights reserved.
License Information: DDDD DELL, FFFF, LIC=UJWP0-BI7WX-9UE4U-STRBX-S14VS-2LPYC
 
Tool Versions:
Toolchain:       MDK-ARM Plus  Version: 5.28.0.0
Toolchain Path:  D:\Keil_v5\ARM\ARMCC\Bin
C Compiler:      Armcc.exe V5.06 update 6 (build 750)
Assembler:       Armasm.exe V5.06 update 6 (build 750)
Linker/Locator:  ArmLink.exe V5.06 update 6 (build 750)
Library Manager: ArmAr.exe V5.06 update 6 (build 750)
Hex Converter:   FromElf.exe V5.06 update 6 (build 750)
CPU DLL:         SARMCM3.DLL V5.28.0.0
Dialog DLL:      DARMSTM.DLL V1.68.0.0
Target DLL:      STLink\ST-LINKIII-KEIL_SWO.dll V3.0.6.0
Dialog DLL:      TARMSTM.DLL V1.66.0.0
 
<h2>Project:</h2>
E:\所托瑞安\Watch_Project\KEILI_STD\USER\CAN.uvprojx
Project File Date:  05/15/2020

<h2>Output:</h2>
*** Using Compiler 'V5.06 update 6 (build 750)', folder: 'D:\Keil_v5\ARM\ARMCC\Bin'
Build target 'CAN'
compiling led.c...
compiling can.c...
compiling main.c...
main.c(24): warning:  #177-D: variable "i"  was declared but never referenced
  	u8 i=0,t=0;
main.c(24): warning:  #177-D: variable "t"  was declared but never referenced
  	u8 i=0,t=0;
main.c(25): warning:  #177-D: variable "cnt"  was declared but never referenced
  	u8 cnt=0;
main.c(26): warning:  #177-D: variable "canbuf"  was declared but never referenced
  	u8 canbuf[8];
main.c(28): warning:  #177-D: variable "res"  was declared but never referenced
  	u8 res;
main.c(29): warning:  #177-D: variable "mode"  was declared but never referenced
  	u8 mode=CAN_Mode_LoopBack;//CAN工作模式;CAN_Mode_Normal(0)：普通模式，CAN_Mode_LoopBack(1)：环回模式
main.c: 6 warnings, 0 errors
linking...
Program Size: Code=8272 RO-data=336 RW-data=56 ZI-data=1832  
FromELF: creating hex file...
"..\OBJ\CAN.axf" - 0 Error(s), 6 Warning(s).

<h2>Software Packages used:</h2>

Package Vendor: Keil
                http://www.keil.com/pack/Keil.STM32F1xx_DFP.2.3.0.pack
                Keil.STM32F1xx_DFP.2.3.0
                STMicroelectronics STM32F1 Series Device Support, Drivers and Examples

<h2>Collection of Component include folders:</h2>
  .\RTE\_CAN
  D:\Arm\Packs\Keil\STM32F1xx_DFP\2.3.0\Device\Include

<h2>Collection of Component Files used:</h2>
Build Time Elapsed:  00:00:01
</pre>
</body>
</html>
